This is a heading 4:
paragraph test One
paragraph test Two
paragraph test Three