paragraph test One
paragraph test Two
paragraph test Three