paragraph test One
paragraph test Two
paragraph test Three
paragraph test Four
paragraph test Five
paragraph test Six
paragraph test Seven
paragraph test Eight
paragraph test Nine
paragraph test Ten